// Jest Snapshot v1, https://goo.gl/fbAQLP

exports[`Given <PaginationPrevious /> When initializes Then should match the snapshot 1`] = `
<div>
  <button
    class="button pagination-previous"
  >
    <span
      class="icon"
    >
      <i
        class="icon-font icon-font-chevron-left-outline"
      />
    </span>
  </button>
</div>
`;
