// Jest Snapshot v1, https://goo.gl/fbAQLP

exports[`Given <ModalHeader /> When initializes And uses onClose Then should match the snapshot 1`] = `
<div>
  <div
    class="card-header modal-header"
  >
    <div
      class="layout is-2 is-mobile columns"
    >
      <div
        class="layout-item column"
      >
        <h3
          class="is-3 text title"
        />
      </div>
      <div
        class="is-auto layout-item column"
      >
        <button
          class="button is-text close"
        >
          <span
            class="icon"
          >
            <i
              class="icon-font icon-font-close"
            />
          </span>
        </button>
      </div>
    </div>
  </div>
</div>
`;

exports[`Given <ModalHeader /> When initializes Then should match the snapshot 1`] = `
<div>
  <div
    class="card-header modal-header"
  >
    <div
      class="layout is-2 is-mobile columns"
    >
      <div
        class="layout-item column"
      >
        <h3
          class="is-3 text title"
        />
      </div>
      <div
        class="is-auto layout-item column"
      >
        <button
          class="button is-text close"
        >
          <span
            class="icon"
          >
            <i
              class="icon-font icon-font-close"
            />
          </span>
        </button>
      </div>
    </div>
  </div>
</div>
`;
