// Jest Snapshot v1, https://goo.gl/fbAQLP

exports[`Given <CalculationListItem /> When initializes Then should match the snapshot 1`] = `
<div>
  <li
    class="list-item list-calculation-item"
  >
    <div
      class="layout is-2 is-mobile columns has-alignment-center"
    >
      <div
        class="layout-item column"
      >
        <span
          class="text is-primary"
        >
          Testing
        </span>
      </div>
    </div>
  </li>
</div>
`;
