// Jest Snapshot v1, https://goo.gl/fbAQLP

exports[`Given <PasswordField /> When initializes Then should match the snapshot 1`] = `
<div>
  <div
    class="field is-password"
  >
    <div
      class="field-body"
    >
      <div
        class="control"
      >
        <input
          class="input is-password"
          type="password"
        />
      </div>
    </div>
  </div>
</div>
`;
