// Jest Snapshot v1, https://goo.gl/fbAQLP

exports[`Given <DateTimePicker /> When initializes Then should match the snapshot 1`] = `
<div>
  <div
    class="picker is-datetime"
  >
    <div>
      <div
        id="datetimePicker1126c964-e03b-4fbf-aee5-99197850f2a2"
      >
        
    
        <div
          class="datetimepicker-dummy is-hidden is-primary"
        >
          
      
          <div
            class="datetimepicker-dummy-wrapper"
          >
            
        
            <input
              class="datetimepicker-dummy-input"
              placeholder=""
              readonly="readonly"
              type="text"
            />
            
        
      
            <input
              class="input is-date is-hidden"
              type="text"
            />
          </div>
          
      
          <button
            class="datetimepicker-clear-button"
          >
            ＋
          </button>
          
    
        </div>
        
    
        <div
          class="datetimepicker-wrapper"
        >
          
        
          <div
            class="modal-background is-hidden"
          />
          
        
          <div
            class="datetimepicker is-primary"
          >
            
          
            <div
              class="datetimepicker-container"
            >
              <div>
                <div
                  class="datetimepicker-header is-date-only is-hidden"
                >
                  
		
                  <div
                    class="datetimepicker-selection-details"
                  >
                    
			
                    <div
                      class="datetimepicker-selection-from is-hidden"
                    />
                    
			
                    <div
                      class="datetimepicker-selection-start is-centered"
                    >
                      
				
                      <div
                        class="datetimepicker-selection-wrapper"
                      >
                        
					
                        <div
                          class="datetimepicker-selection-day"
                        >
                          29
                        </div>
                        
					
                        <div
                          class="datetimepicker-selection-date"
                        >
                          
						
                          <div
                            class="datetimepicker-selection-month"
                          >
                            October 2019
                          </div>
                          
						
                          <div
                            class="datetimepicker-selection-weekday"
                          >
                            Tuesday
                          </div>
                          
					
                        </div>
                        
				
                      </div>
                      
				
			
                    </div>
                    
		
                  </div>
                  
		
	
                </div>
              </div>
              <div>
                <div
                  class="datepicker"
                >
                  
    
                  <div
                    class="datepicker-nav"
                  >
                    
        
                    <button
                      class="datepicker-nav-previous button is-small is-text"
                      type="button"
                    >
                      <svg
                        viewBox="0 0 50 80"
                        xml:space="preserve"
                      >
                        
      
                        <polyline
                          fill="none"
                          points="45.63,75.8 0.375,38.087 45.63,0.375 "
                          stroke-linecap="round"
                          stroke-linejoin="round"
                          stroke-width=".5em"
                        />
                        
    
                      </svg>
                    </button>
                    
        
                    <div
                      class="datepicker-nav-month-year"
                    >
                      
          
                      <div
                        class="datepicker-nav-month"
                      >
                        October
                      </div>
                      
           
          
                      <div
                        class="datepicker-nav-year"
                      >
                        2019
                      </div>
                      
        
                    </div>
                    
        
                    <button
                      class="datepicker-nav-next button is-small is-text"
                      type="button"
                    >
                      <svg
                        viewBox="0 0 50 80"
                        xml:space="preserve"
                      >
                        
      
                        <polyline
                          fill="none"
                          points="0.375,0.375 45.63,38.087 0.375,75.8 "
                          stroke-linecap="round"
                          stroke-linejoin="round"
                          stroke-width=".5em"
                        />
                        
    
                      </svg>
                    </button>
                    
      
                  </div>
                  
      
                  <div
                    class="datepicker-body"
                  >
                    
        
                    <div
                      class="datepicker-dates is-active"
                    >
                      <div>
                        <div
                          class="datepicker-weekdays"
                        >
                          
		
                          <div
                            class="datepicker-date"
                          >
                            Mon
                          </div>
                          <div
                            class="datepicker-date"
                          >
                            Tue
                          </div>
                          <div
                            class="datepicker-date"
                          >
                            Wed
                          </div>
                          <div
                            class="datepicker-date"
                          >
                            Thu
                          </div>
                          <div
                            class="datepicker-date"
                          >
                            Fri
                          </div>
                          <div
                            class="datepicker-date"
                          >
                            Sat
                          </div>
                          <div
                            class="datepicker-date"
                          >
                            Sun
                          </div>
                          
	
                        </div>
                      </div>
                      <div>
                        <div
                          class="datepicker-days"
                        >
                          <div
                            class="datepicker-date"
                            data-date="Mon Sep 30 2019 00:00:00 GMT+0200 (Central European Summer Time)"
                          >
                            
      
                            <button
                              class="date-item"
                              type="button"
                            >
                              30
                            </button>
                            
  
                          </div>
                          <div
                            class="datepicker-date is-current-month"
                            data-date="Tue Oct 01 2019 00:00:00 GMT+0200 (Central European Summer Time)"
                          >
                            
      
                            <button
                              class="date-item"
                              type="button"
                            >
                              1
                            </button>
                            
  
                          </div>
                          <div
                            class="datepicker-date is-current-month"
                            data-date="Wed Oct 02 2019 00:00:00 GMT+0200 (Central European Summer Time)"
                          >
                            
      
                            <button
                              class="date-item"
                              type="button"
                            >
                              2
                            </button>
                            
  
                          </div>
                          <div
                            class="datepicker-date is-current-month"
                            data-date="Thu Oct 03 2019 00:00:00 GMT+0200 (Central European Summer Time)"
                          >
                            
      
                            <button
                              class="date-item"
                              type="button"
                            >
                              3
                            </button>
                            
  
                          </div>
                          <div
                            class="datepicker-date is-current-month"
                            data-date="Fri Oct 04 2019 00:00:00 GMT+0200 (Central European Summer Time)"
                          >
                            
      
                            <button
                              class="date-item"
                              type="button"
                            >
                              4
                            </button>
                            
  
                          </div>
                          <div
                            class="datepicker-date is-current-month"
                            data-date="Sat Oct 05 2019 00:00:00 GMT+0200 (Central European Summer Time)"
                          >
                            
      
                            <button
                              class="date-item"
                              type="button"
                            >
                              5
                            </button>
                            
  
                          </div>
                          <div
                            class="datepicker-date is-current-month"
                            data-date="Sun Oct 06 2019 00:00:00 GMT+0200 (Central European Summer Time)"
                          >
                            
      
                            <button
                              class="date-item"
                              type="button"
                            >
                              6
                            </button>
                            
  
                          </div>
                          <div
                            class="datepicker-date is-current-month"
                            data-date="Mon Oct 07 2019 00:00:00 GMT+0200 (Central European Summer Time)"
                          >
                            
      
                            <button
                              class="date-item"
                              type="button"
                            >
                              7
                            </button>
                            
  
                          </div>
                          <div
                            class="datepicker-date is-current-month"
                            data-date="Tue Oct 08 2019 00:00:00 GMT+0200 (Central European Summer Time)"
                          >
                            
      
                            <button
                              class="date-item"
                              type="button"
                            >
                              8
                            </button>
                            
  
                          </div>
                          <div
                            class="datepicker-date is-current-month"
                            data-date="Wed Oct 09 2019 00:00:00 GMT+0200 (Central European Summer Time)"
                          >
                            
      
                            <button
                              class="date-item"
                              type="button"
                            >
                              9
                            </button>
                            
  
                          </div>
                          <div
                            class="datepicker-date is-current-month"
                            data-date="Thu Oct 10 2019 00:00:00 GMT+0200 (Central European Summer Time)"
                          >
                            
      
                            <button
                              class="date-item"
                              type="button"
                            >
                              10
                            </button>
                            
  
                          </div>
                          <div
                            class="datepicker-date is-current-month"
                            data-date="Fri Oct 11 2019 00:00:00 GMT+0200 (Central European Summer Time)"
                          >
                            
      
                            <button
                              class="date-item"
                              type="button"
                            >
                              11
                            </button>
                            
  
                          </div>
                          <div
                            class="datepicker-date is-current-month"
                            data-date="Sat Oct 12 2019 00:00:00 GMT+0200 (Central European Summer Time)"
                          >
                            
      
                            <button
                              class="date-item"
                              type="button"
                            >
                              12
                            </button>
                            
  
                          </div>
                          <div
                            class="datepicker-date is-current-month"
                            data-date="Sun Oct 13 2019 00:00:00 GMT+0200 (Central European Summer Time)"
                          >
                            
      
                            <button
                              class="date-item"
                              type="button"
                            >
                              13
                            </button>
                            
  
                          </div>
                          <div
                            class="datepicker-date is-current-month"
                            data-date="Mon Oct 14 2019 00:00:00 GMT+0200 (Central European Summer Time)"
                          >
                            
      
                            <button
                              class="date-item"
                              type="button"
                            >
                              14
                            </button>
                            
  
                          </div>
                          <div
                            class="datepicker-date is-current-month"
                            data-date="Tue Oct 15 2019 00:00:00 GMT+0200 (Central European Summer Time)"
                          >
                            
      
                            <button
                              class="date-item"
                              type="button"
                            >
                              15
                            </button>
                            
  
                          </div>
                          <div
                            class="datepicker-date is-current-month"
                            data-date="Wed Oct 16 2019 00:00:00 GMT+0200 (Central European Summer Time)"
                          >
                            
      
                            <button
                              class="date-item"
                              type="button"
                            >
                              16
                            </button>
                            
  
                          </div>
                          <div
                            class="datepicker-date is-current-month"
                            data-date="Thu Oct 17 2019 00:00:00 GMT+0200 (Central European Summer Time)"
                          >
                            
      
                            <button
                              class="date-item"
                              type="button"
                            >
                              17
                            </button>
                            
  
                          </div>
                          <div
                            class="datepicker-date is-current-month"
                            data-date="Fri Oct 18 2019 00:00:00 GMT+0200 (Central European Summer Time)"
                          >
                            
      
                            <button
                              class="date-item"
                              type="button"
                            >
                              18
                            </button>
                            
  
                          </div>
                          <div
                            class="datepicker-date is-current-month"
                            data-date="Sat Oct 19 2019 00:00:00 GMT+0200 (Central European Summer Time)"
                          >
                            
      
                            <button
                              class="date-item"
                              type="button"
                            >
                              19
                            </button>
                            
  
                          </div>
                          <div
                            class="datepicker-date is-current-month"
                            data-date="Sun Oct 20 2019 00:00:00 GMT+0200 (Central European Summer Time)"
                          >
                            
      
                            <button
                              class="date-item"
                              type="button"
                            >
                              20
                            </button>
                            
  
                          </div>
                          <div
                            class="datepicker-date is-current-month"
                            data-date="Mon Oct 21 2019 00:00:00 GMT+0200 (Central European Summer Time)"
                          >
                            
      
                            <button
                              class="date-item"
                              type="button"
                            >
                              21
                            </button>
                            
  
                          </div>
                          <div
                            class="datepicker-date is-current-month"
                            data-date="Tue Oct 22 2019 00:00:00 GMT+0200 (Central European Summer Time)"
                          >
                            
      
                            <button
                              class="date-item"
                              type="button"
                            >
                              22
                            </button>
                            
  
                          </div>
                          <div
                            class="datepicker-date is-current-month"
                            data-date="Wed Oct 23 2019 00:00:00 GMT+0200 (Central European Summer Time)"
                          >
                            
      
                            <button
                              class="date-item"
                              type="button"
                            >
                              23
                            </button>
                            
  
                          </div>
                          <div
                            class="datepicker-date is-current-month"
                            data-date="Thu Oct 24 2019 00:00:00 GMT+0200 (Central European Summer Time)"
                          >
                            
      
                            <button
                              class="date-item"
                              type="button"
                            >
                              24
                            </button>
                            
  
                          </div>
                          <div
                            class="datepicker-date is-current-month"
                            data-date="Fri Oct 25 2019 00:00:00 GMT+0200 (Central European Summer Time)"
                          >
                            
      
                            <button
                              class="date-item"
                              type="button"
                            >
                              25
                            </button>
                            
  
                          </div>
                          <div
                            class="datepicker-date is-current-month"
                            data-date="Sat Oct 26 2019 00:00:00 GMT+0200 (Central European Summer Time)"
                          >
                            
      
                            <button
                              class="date-item"
                              type="button"
                            >
                              26
                            </button>
                            
  
                          </div>
                          <div
                            class="datepicker-date is-current-month"
                            data-date="Sun Oct 27 2019 00:00:00 GMT+0200 (Central European Summer Time)"
                          >
                            
      
                            <button
                              class="date-item"
                              type="button"
                            >
                              27
                            </button>
                            
  
                          </div>
                          <div
                            class="datepicker-date is-current-month"
                            data-date="Mon Oct 28 2019 00:00:00 GMT+0100 (Central European Standard Time)"
                          >
                            
      
                            <button
                              class="date-item"
                              type="button"
                            >
                              28
                            </button>
                            
  
                          </div>
                          <div
                            class="datepicker-date is-current-month datepicker-range-start"
                            data-date="Tue Oct 29 2019 00:00:00 GMT+0100 (Central European Standard Time)"
                          >
                            
      
                            <button
                              class="date-item is-today is-active"
                              type="button"
                            >
                              29
                            </button>
                            
  
                          </div>
                          <div
                            class="datepicker-date is-current-month"
                            data-date="Wed Oct 30 2019 00:00:00 GMT+0100 (Central European Standard Time)"
                          >
                            
      
                            <button
                              class="date-item"
                              type="button"
                            >
                              30
                            </button>
                            
  
                          </div>
                          <div
                            class="datepicker-date is-current-month"
                            data-date="Thu Oct 31 2019 00:00:00 GMT+0100 (Central European Standard Time)"
                          >
                            
      
                            <button
                              class="date-item"
                              type="button"
                            >
                              31
                            </button>
                            
  
                          </div>
                          <div
                            class="datepicker-date"
                            data-date="Fri Nov 01 2019 00:00:00 GMT+0100 (Central European Standard Time)"
                          >
                            
      
                            <button
                              class="date-item"
                              type="button"
                            >
                              1
                            </button>
                            
  
                          </div>
                          <div
                            class="datepicker-date"
                            data-date="Sat Nov 02 2019 00:00:00 GMT+0100 (Central European Standard Time)"
                          >
                            
      
                            <button
                              class="date-item"
                              type="button"
                            >
                              2
                            </button>
                            
  
                          </div>
                          <div
                            class="datepicker-date"
                            data-date="Sun Nov 03 2019 00:00:00 GMT+0100 (Central European Standard Time)"
                          >
                            
      
                            <button
                              class="date-item"
                              type="button"
                            >
                              3
                            </button>
                            
  
                          </div>
                        </div>
                      </div>
                    </div>
                    
        
                    <div
                      class="datepicker-months"
                    >
                      <div>
                        <div
                          class="datepicker-month"
                          data-month="01"
                        >
                          Jan
                        </div>
                        <div
                          class="datepicker-month"
                          data-month="02"
                        >
                          Feb
                        </div>
                        <div
                          class="datepicker-month"
                          data-month="03"
                        >
                          Mar
                        </div>
                        <div
                          class="datepicker-month"
                          data-month="04"
                        >
                          Apr
                        </div>
                        <div
                          class="datepicker-month"
                          data-month="05"
                        >
                          May
                        </div>
                        <div
                          class="datepicker-month"
                          data-month="06"
                        >
                          Jun
                        </div>
                        <div
                          class="datepicker-month"
                          data-month="07"
                        >
                          Jul
                        </div>
                        <div
                          class="datepicker-month"
                          data-month="08"
                        >
                          Aug
                        </div>
                        <div
                          class="datepicker-month"
                          data-month="09"
                        >
                          Sep
                        </div>
                        <div
                          class="datepicker-month is-active"
                          data-month="10"
                        >
                          Oct
                        </div>
                        <div
                          class="datepicker-month"
                          data-month="11"
                        >
                          Nov
                        </div>
                        <div
                          class="datepicker-month"
                          data-month="12"
                        >
                          Dec
                        </div>
                      </div>
                    </div>
                    
        
                    <div
                      class="datepicker-years"
                    >
                      <div>
                        <div
                          class="datepicker-year"
                          data-year="1969"
                        >
                          <span
                            class="item"
                          >
                            1969
                          </span>
                        </div>
                        <div
                          class="datepicker-year"
                          data-year="1970"
                        >
                          <span
                            class="item"
                          >
                            1970
                          </span>
                        </div>
                        <div
                          class="datepicker-year"
                          data-year="1971"
                        >
                          <span
                            class="item"
                          >
                            1971
                          </span>
                        </div>
                        <div
                          class="datepicker-year"
                          data-year="1972"
                        >
                          <span
                            class="item"
                          >
                            1972
                          </span>
                        </div>
                        <div
                          class="datepicker-year"
                          data-year="1973"
                        >
                          <span
                            class="item"
                          >
                            1973
                          </span>
                        </div>
                        <div
                          class="datepicker-year"
                          data-year="1974"
                        >
                          <span
                            class="item"
                          >
                            1974
                          </span>
                        </div>
                        <div
                          class="datepicker-year"
                          data-year="1975"
                        >
                          <span
                            class="item"
                          >
                            1975
                          </span>
                        </div>
                        <div
                          class="datepicker-year"
                          data-year="1976"
                        >
                          <span
                            class="item"
                          >
                            1976
                          </span>
                        </div>
                        <div
                          class="datepicker-year"
                          data-year="1977"
                        >
                          <span
                            class="item"
                          >
                            1977
                          </span>
                        </div>
                        <div
                          class="datepicker-year"
                          data-year="1978"
                        >
                          <span
                            class="item"
                          >
                            1978
                          </span>
                        </div>
                        <div
                          class="datepicker-year"
                          data-year="1979"
                        >
                          <span
                            class="item"
                          >
                            1979
                          </span>
                        </div>
                        <div
                          class="datepicker-year"
                          data-year="1980"
                        >
                          <span
                            class="item"
                          >
                            1980
                          </span>
                        </div>
                        <div
                          class="datepicker-year"
                          data-year="1981"
                        >
                          <span
                            class="item"
                          >
                            1981
                          </span>
                        </div>
                        <div
                          class="datepicker-year"
                          data-year="1982"
                        >
                          <span
                            class="item"
                          >
                            1982
                          </span>
                        </div>
                        <div
                          class="datepicker-year"
                          data-year="1983"
                        >
                          <span
                            class="item"
                          >
                            1983
                          </span>
                        </div>
                        <div
                          class="datepicker-year"
                          data-year="1984"
                        >
                          <span
                            class="item"
                          >
                            1984
                          </span>
                        </div>
                        <div
                          class="datepicker-year"
                          data-year="1985"
                        >
                          <span
                            class="item"
                          >
                            1985
                          </span>
                        </div>
                        <div
                          class="datepicker-year"
                          data-year="1986"
                        >
                          <span
                            class="item"
                          >
                            1986
                          </span>
                        </div>
                        <div
                          class="datepicker-year"
                          data-year="1987"
                        >
                          <span
                            class="item"
                          >
                            1987
                          </span>
                        </div>
                        <div
                          class="datepicker-year"
                          data-year="1988"
                        >
                          <span
                            class="item"
                          >
                            1988
                          </span>
                        </div>
                        <div
                          class="datepicker-year"
                          data-year="1989"
                        >
                          <span
                            class="item"
                          >
                            1989
                          </span>
                        </div>
                        <div
                          class="datepicker-year"
                          data-year="1990"
                        >
                          <span
                            class="item"
                          >
                            1990
                          </span>
                        </div>
                        <div
                          class="datepicker-year"
                          data-year="1991"
                        >
                          <span
                            class="item"
                          >
                            1991
                          </span>
                        </div>
                        <div
                          class="datepicker-year"
                          data-year="1992"
                        >
                          <span
                            class="item"
                          >
                            1992
                          </span>
                        </div>
                        <div
                          class="datepicker-year"
                          data-year="1993"
                        >
                          <span
                            class="item"
                          >
                            1993
                          </span>
                        </div>
                        <div
                          class="datepicker-year"
                          data-year="1994"
                        >
                          <span
                            class="item"
                          >
                            1994
                          </span>
                        </div>
                        <div
                          class="datepicker-year"
                          data-year="1995"
                        >
                          <span
                            class="item"
                          >
                            1995
                          </span>
                        </div>
                        <div
                          class="datepicker-year"
                          data-year="1996"
                        >
                          <span
                            class="item"
                          >
                            1996
                          </span>
                        </div>
                        <div
                          class="datepicker-year"
                          data-year="1997"
                        >
                          <span
                            class="item"
                          >
                            1997
                          </span>
                        </div>
                        <div
                          class="datepicker-year"
                          data-year="1998"
                        >
                          <span
                            class="item"
                          >
                            1998
                          </span>
                        </div>
                        <div
                          class="datepicker-year"
                          data-year="1999"
                        >
                          <span
                            class="item"
                          >
                            1999
                          </span>
                        </div>
                        <div
                          class="datepicker-year"
                          data-year="2000"
                        >
                          <span
                            class="item"
                          >
                            2000
                          </span>
                        </div>
                        <div
                          class="datepicker-year"
                          data-year="2001"
                        >
                          <span
                            class="item"
                          >
                            2001
                          </span>
                        </div>
                        <div
                          class="datepicker-year"
                          data-year="2002"
                        >
                          <span
                            class="item"
                          >
                            2002
                          </span>
                        </div>
                        <div
                          class="datepicker-year"
                          data-year="2003"
                        >
                          <span
                            class="item"
                          >
                            2003
                          </span>
                        </div>
                        <div
                          class="datepicker-year"
                          data-year="2004"
                        >
                          <span
                            class="item"
                          >
                            2004
                          </span>
                        </div>
                        <div
                          class="datepicker-year"
                          data-year="2005"
                        >
                          <span
                            class="item"
                          >
                            2005
                          </span>
                        </div>
                        <div
                          class="datepicker-year"
                          data-year="2006"
                        >
                          <span
                            class="item"
                          >
                            2006
                          </span>
                        </div>
                        <div
                          class="datepicker-year"
                          data-year="2007"
                        >
                          <span
                            class="item"
                          >
                            2007
                          </span>
                        </div>
                        <div
                          class="datepicker-year"
                          data-year="2008"
                        >
                          <span
                            class="item"
                          >
                            2008
                          </span>
                        </div>
                        <div
                          class="datepicker-year"
                          data-year="2009"
                        >
                          <span
                            class="item"
                          >
                            2009
                          </span>
                        </div>
                        <div
                          class="datepicker-year"
                          data-year="2010"
                        >
                          <span
                            class="item"
                          >
                            2010
                          </span>
                        </div>
                        <div
                          class="datepicker-year"
                          data-year="2011"
                        >
                          <span
                            class="item"
                          >
                            2011
                          </span>
                        </div>
                        <div
                          class="datepicker-year"
                          data-year="2012"
                        >
                          <span
                            class="item"
                          >
                            2012
                          </span>
                        </div>
                        <div
                          class="datepicker-year"
                          data-year="2013"
                        >
                          <span
                            class="item"
                          >
                            2013
                          </span>
                        </div>
                        <div
                          class="datepicker-year"
                          data-year="2014"
                        >
                          <span
                            class="item"
                          >
                            2014
                          </span>
                        </div>
                        <div
                          class="datepicker-year"
                          data-year="2015"
                        >
                          <span
                            class="item"
                          >
                            2015
                          </span>
                        </div>
                        <div
                          class="datepicker-year"
                          data-year="2016"
                        >
                          <span
                            class="item"
                          >
                            2016
                          </span>
                        </div>
                        <div
                          class="datepicker-year"
                          data-year="2017"
                        >
                          <span
                            class="item"
                          >
                            2017
                          </span>
                        </div>
                        <div
                          class="datepicker-year"
                          data-year="2018"
                        >
                          <span
                            class="item"
                          >
                            2018
                          </span>
                        </div>
                        <div
                          class="datepicker-year is-active"
                          data-year="2019"
                        >
                          <span
                            class="item"
                          >
                            2019
                          </span>
                        </div>
                        <div
                          class="datepicker-year"
                          data-year="2020"
                        >
                          <span
                            class="item"
                          >
                            2020
                          </span>
                        </div>
                        <div
                          class="datepicker-year"
                          data-year="2021"
                        >
                          <span
                            class="item"
                          >
                            2021
                          </span>
                        </div>
                        <div
                          class="datepicker-year"
                          data-year="2022"
                        >
                          <span
                            class="item"
                          >
                            2022
                          </span>
                        </div>
                        <div
                          class="datepicker-year"
                          data-year="2023"
                        >
                          <span
                            class="item"
                          >
                            2023
                          </span>
                        </div>
                        <div
                          class="datepicker-year"
                          data-year="2024"
                        >
                          <span
                            class="item"
                          >
                            2024
                          </span>
                        </div>
                        <div
                          class="datepicker-year"
                          data-year="2025"
                        >
                          <span
                            class="item"
                          >
                            2025
                          </span>
                        </div>
                        <div
                          class="datepicker-year"
                          data-year="2026"
                        >
                          <span
                            class="item"
                          >
                            2026
                          </span>
                        </div>
                        <div
                          class="datepicker-year"
                          data-year="2027"
                        >
                          <span
                            class="item"
                          >
                            2027
                          </span>
                        </div>
                        <div
                          class="datepicker-year"
                          data-year="2028"
                        >
                          <span
                            class="item"
                          >
                            2028
                          </span>
                        </div>
                        <div
                          class="datepicker-year"
                          data-year="2029"
                        >
                          <span
                            class="item"
                          >
                            2029
                          </span>
                        </div>
                        <div
                          class="datepicker-year"
                          data-year="2030"
                        >
                          <span
                            class="item"
                          >
                            2030
                          </span>
                        </div>
                        <div
                          class="datepicker-year"
                          data-year="2031"
                        >
                          <span
                            class="item"
                          >
                            2031
                          </span>
                        </div>
                        <div
                          class="datepicker-year"
                          data-year="2032"
                        >
                          <span
                            class="item"
                          >
                            2032
                          </span>
                        </div>
                        <div
                          class="datepicker-year"
                          data-year="2033"
                        >
                          <span
                            class="item"
                          >
                            2033
                          </span>
                        </div>
                        <div
                          class="datepicker-year"
                          data-year="2034"
                        >
                          <span
                            class="item"
                          >
                            2034
                          </span>
                        </div>
                        <div
                          class="datepicker-year"
                          data-year="2035"
                        >
                          <span
                            class="item"
                          >
                            2035
                          </span>
                        </div>
                        <div
                          class="datepicker-year"
                          data-year="2036"
                        >
                          <span
                            class="item"
                          >
                            2036
                          </span>
                        </div>
                        <div
                          class="datepicker-year"
                          data-year="2037"
                        >
                          <span
                            class="item"
                          >
                            2037
                          </span>
                        </div>
                        <div
                          class="datepicker-year"
                          data-year="2038"
                        >
                          <span
                            class="item"
                          >
                            2038
                          </span>
                        </div>
                        <div
                          class="datepicker-year"
                          data-year="2039"
                        >
                          <span
                            class="item"
                          >
                            2039
                          </span>
                        </div>
                        <div
                          class="datepicker-year"
                          data-year="2040"
                        >
                          <span
                            class="item"
                          >
                            2040
                          </span>
                        </div>
                        <div
                          class="datepicker-year"
                          data-year="2041"
                        >
                          <span
                            class="item"
                          >
                            2041
                          </span>
                        </div>
                        <div
                          class="datepicker-year"
                          data-year="2042"
                        >
                          <span
                            class="item"
                          >
                            2042
                          </span>
                        </div>
                        <div
                          class="datepicker-year"
                          data-year="2043"
                        >
                          <span
                            class="item"
                          >
                            2043
                          </span>
                        </div>
                        <div
                          class="datepicker-year"
                          data-year="2044"
                        >
                          <span
                            class="item"
                          >
                            2044
                          </span>
                        </div>
                        <div
                          class="datepicker-year"
                          data-year="2045"
                        >
                          <span
                            class="item"
                          >
                            2045
                          </span>
                        </div>
                        <div
                          class="datepicker-year"
                          data-year="2046"
                        >
                          <span
                            class="item"
                          >
                            2046
                          </span>
                        </div>
                        <div
                          class="datepicker-year"
                          data-year="2047"
                        >
                          <span
                            class="item"
                          >
                            2047
                          </span>
                        </div>
                        <div
                          class="datepicker-year"
                          data-year="2048"
                        >
                          <span
                            class="item"
                          >
                            2048
                          </span>
                        </div>
                        <div
                          class="datepicker-year"
                          data-year="2049"
                        >
                          <span
                            class="item"
                          >
                            2049
                          </span>
                        </div>
                        <div
                          class="datepicker-year"
                          data-year="2050"
                        >
                          <span
                            class="item"
                          >
                            2050
                          </span>
                        </div>
                        <div
                          class="datepicker-year"
                          data-year="2051"
                        >
                          <span
                            class="item"
                          >
                            2051
                          </span>
                        </div>
                        <div
                          class="datepicker-year"
                          data-year="2052"
                        >
                          <span
                            class="item"
                          >
                            2052
                          </span>
                        </div>
                        <div
                          class="datepicker-year"
                          data-year="2053"
                        >
                          <span
                            class="item"
                          >
                            2053
                          </span>
                        </div>
                        <div
                          class="datepicker-year"
                          data-year="2054"
                        >
                          <span
                            class="item"
                          >
                            2054
                          </span>
                        </div>
                        <div
                          class="datepicker-year"
                          data-year="2055"
                        >
                          <span
                            class="item"
                          >
                            2055
                          </span>
                        </div>
                        <div
                          class="datepicker-year"
                          data-year="2056"
                        >
                          <span
                            class="item"
                          >
                            2056
                          </span>
                        </div>
                        <div
                          class="datepicker-year"
                          data-year="2057"
                        >
                          <span
                            class="item"
                          >
                            2057
                          </span>
                        </div>
                        <div
                          class="datepicker-year"
                          data-year="2058"
                        >
                          <span
                            class="item"
                          >
                            2058
                          </span>
                        </div>
                        <div
                          class="datepicker-year"
                          data-year="2059"
                        >
                          <span
                            class="item"
                          >
                            2059
                          </span>
                        </div>
                        <div
                          class="datepicker-year"
                          data-year="2060"
                        >
                          <span
                            class="item"
                          >
                            2060
                          </span>
                        </div>
                        <div
                          class="datepicker-year"
                          data-year="2061"
                        >
                          <span
                            class="item"
                          >
                            2061
                          </span>
                        </div>
                        <div
                          class="datepicker-year"
                          data-year="2062"
                        >
                          <span
                            class="item"
                          >
                            2062
                          </span>
                        </div>
                        <div
                          class="datepicker-year"
                          data-year="2063"
                        >
                          <span
                            class="item"
                          >
                            2063
                          </span>
                        </div>
                        <div
                          class="datepicker-year"
                          data-year="2064"
                        >
                          <span
                            class="item"
                          >
                            2064
                          </span>
                        </div>
                        <div
                          class="datepicker-year"
                          data-year="2065"
                        >
                          <span
                            class="item"
                          >
                            2065
                          </span>
                        </div>
                        <div
                          class="datepicker-year"
                          data-year="2066"
                        >
                          <span
                            class="item"
                          >
                            2066
                          </span>
                        </div>
                        <div
                          class="datepicker-year"
                          data-year="2067"
                        >
                          <span
                            class="item"
                          >
                            2067
                          </span>
                        </div>
                        <div
                          class="datepicker-year"
                          data-year="2068"
                        >
                          <span
                            class="item"
                          >
                            2068
                          </span>
                        </div>
                      </div>
                    </div>
                    
      
                  </div>
                  
    
                </div>
              </div>
            </div>
            
        
            <div>
              <div
                class="datetimepicker-footer"
              >
                
		
                <button
                  class="datetimepicker-footer-validate button"
                  type="button"
                >
                  OK 
                </button>
                
		
                <button
                  class="datetimepicker-footer-today has-text-warning button is-small is-text is-hidden"
                  type="button"
                >
                  Today
                </button>
                
		
                <button
                  class="datetimepicker-footer-clear has-text-danger button is-small is-text is-hidden"
                  type="button"
                >
                  Clear
                </button>
                
		
                <button
                  class="datetimepicker-footer-cancel button is-small is-text is-hidden"
                  type="button"
                >
                  Cancel
                </button>
                
	
              </div>
            </div>
          </div>
          
    
        </div>
        
  
      </div>
    </div>
  </div>
</div>
`;
