// Jest Snapshot v1, https://goo.gl/fbAQLP

exports[`Given <ModalFooter /> When initializes Then should match the snapshot 1`] = `
<div>
  <div
    class="card-footer modal-footer"
  >
    <div
      class="layout is-2 columns has-alignment-end is-reverted"
    >
      <div
        class="is-auto layout-item column"
      >
        <div
          class="card-footer-action"
        >
          <span
            class="text"
          >
            Testing
          </span>
        </div>
      </div>
    </div>
  </div>
</div>
`;
