// Jest Snapshot v1, https://goo.gl/fbAQLP

exports[`Given <CloseDialog /> When initializes Then should match the snapshot 1`] = `
<div>
  <button
    class="button is-text close dialog-close"
  >
    <span
      class="icon"
    >
      <i
        class="icon-font icon-font-close"
      />
    </span>
  </button>
</div>
`;
